// Jest Snapshot v1, https://goo.gl/fbAQLP

exports[`<CustomButton /> <CustomButton /> renders with title and link 1`] = `
<a
  aria-disabled="false"
  class="MuiButtonBase-root MuiButton-root MuiButton-contained makeStyles-button-1 MuiButton-containedPrimary"
  data-testid="link"
  href="/forecast"
  role="button"
  tabindex="0"
>
  <span
    class="MuiButton-label"
  >
    SEARCH
  </span>
  <span
    class="MuiTouchRipple-root"
  />
</a>
`;
